test to function matrix_divided():

================================================================
Prototype def matrix_divided(matrix, div):
================================================================
Write a function that divides all elements of a matrix
    * matrix must be a list of lists of integers or floats
    * Each row of the matrix must be of the same size
    * div must be a number (integer or float)
    * div canâ€™t be equal to 0

Test

>>> matrix_divided = __import__('2-matrix_divided').matrix_divided
>>>
KeyboardInterrupt
>>> matrix = [
...     [1, 2, 3],
...     [4, 5, 6]
... ]
>>> matrix_divided(matrix, 3)
[[0.33, 0.67, 1.0], [1.33, 1.67, 2.0]]
>>> matrix = [["not a number", 2, 3],[4, 5, 6]]
>>> matrix_divided(matrix, 3)
Traceback (most recent call last):
  File "<stdin>", line 1, in <module>
  File "/mnt/c/Users/5060/Desktop/holbertonschool-higher_level_programming/python-test_driven_development/2-matrix_divided.py", line 14, in matrix_divided
    raise TypeError("matrix must be a matrix (list of lists) of integers/floats")
TypeError: matrix must be a matrix (list of lists) of integers/floats
>>> matrix = [[1.2, 2, 3],[4, 5, 6]]
>>> matrix_divided(matrix, 3)
[[0.4, 0.67, 1.0], [1.33, 1.67, 2.0]]
>>> matrix = [[1, 3, 3],[4, 5, 6]]
>>> matrix_divided(matrix, 0)
Traceback (most recent call last):
  File "<stdin>", line 1, in <module>
  File "/mnt/c/Users/5060/Desktop/holbertonschool-higher_level_programming/python-test_driven_development/2-matrix_divided.py", line 20, in matrix_divided
    raise ZeroDivisionError("division by zero")
ZeroDivisionError: division by zero
>>> matrix = [[1, 3, 3],[4, 5, 6]]
>>> matrix = [[1, 3, 3],[4, 5, 6]]
>>> div = float('inf')
>>> matrix_divided(matrix, div)
[[0.0, 0.0, 0.0], [0.0, 0.0, 0.0]]
>>> matrix = [[1, 3, 3],[4, 5, 6]]
>>> matrix_divided(matrix, )
Traceback (most recent call last):
  File "<stdin>", line 1, in <module>
TypeError: matrix_divided() missing 1 required positional argument: 'div'
>>> matrix_divided()
Traceback (most recent call last):
  File "<stdin>", line 1, in <module>
TypeError: matrix_divided() missing 2 required positional arguments: 'matrix' and 'div'
