test for function say_my_name
============================================================================
Write a function that prints My name is <first name> <last name>

Prototype: def say_my_name(first_name, last_name=""):

>>> say_my_name = __import__('3-say_my_name').say_my_name
>>> say_my_name('Sapito', 'rico')
My name is Sapito rico
>>> say_my_name('Sapito', )
My name is Sapito 
>>> say_my_name('Sapito', 4)
Traceback (most recent call last):
  File "<stdin>", line 1, in <module>
  File "/mnt/c/Users/5060/Desktop/holbertonschool-higher_level_programming/python-test_driven_development/3-say_my_name.py", line 10, in say_my_name
    raise TypeError("last_name must be a string")
TypeError: last_name must be a string
>>> say_my_name(4, 'rico')
Traceback (most recent call last):
  File "<stdin>", line 1, in <module>
  File "/mnt/c/Users/5060/Desktop/holbertonschool-higher_level_programming/python-test_driven_development/3-say_my_name.py", line 8, in say_my_name
    raise TypeError("first_name must be a string")
TypeError: first_name must be a string
>>> say_my_name()
Traceback (most recent call last):
  File "<stdin>", line 1, in <module>
TypeError: say_my_name() missing 1 required positional argument: 'first_name'