test for function print_square()
==================================
Write a function that prints a square with the character #.

Prototype: def print_square(size):
size is the size length of the square
size must be an integer, otherwise raise a TypeError exception with the message size must be an integer
if size is less than 0, raise a ValueError exception with the message size must be >= 0
if size is a float and is less than 0, raise a TypeError exception with the message size must be an integer

>>> print_square = __import__('4-print_square').print_square
>>> print_square(8)
########
########
########
########
########
########
########
########
>>> a = float(5)
>>> print_square(a)
Traceback (most recent call last):
  File "<stdin>", line 1, in <module>
  File "/mnt/c/Users/5060/Desktop/holbertonschool-higher_level_programming/python-test_driven_development/4-print_square.py", line 8, in print_square
    raise TypeError('size must be an integer')
TypeError: size must be an integer
>>> print_square(-10)
Traceback (most recent call last):
  File "<stdin>", line 1, in <module>
  File "/mnt/c/Users/5060/Desktop/holbertonschool-higher_level_programming/python-test_driven_development/4-print_square.py", line 11, in print_square
    raise ValueError('size must be >= 0')
ValueError: size must be >= 0