
>>> text_indentation = __import__('5-text_indentation').text_indentation
>>> test = "no\n"
>>> text_indentation(test)
no  
>>> text_indentation()
Traceback (most recent call last):
  File "<stdin>", line 1, in <module>
TypeError: text_indentation() missing 1 required positional argument: 'text'
>>> text_indentation(10)
Traceback (most recent call last):
  File "<stdin>", line 1, in <module>
  File "/mnt/c/Users/5060/Desktop/holbertonschool-higher_level_programming/python-test_driven_development/5-text_indentation.py", line 8, in text_indentation
    raise TypeError("text must be a string")
TypeError: text must be a string
