>>> BaseGeometry = __import__("7-base_geometry").BaseGeometry
>>> obj = BaseGeometry()
>>> obj.integer_validator()
Traceback (most recent call last):

>>> obj.integer_validator("john", 2)

>>> obj.integer_validator("john", -2)
Traceback (most recent call last):
ValueError: john must be greater than 0

>>> obj.integer_validator("john", 0)
Traceback (most recent call last):
ValueError: john must be greater than 0

>>> obj.integer_validator("john", None)
Traceback (most recent call last):
TypeError: john must be an integer

>>> obj.integer_validator("john", {4, 2})
Traceback (most recent call last):
TypeError: john must be an integer

>>> obj.integer_validator("john", "string")
Traceback (most recent call last):
TypeError: john must be an integer

>>> obj.integer_validator("john", (4,))
Traceback (most recent call last):
TypeError: john must be an integer

>>> obj.integer_validator("john", [4])
Traceback (most recent call last):
TypeError: john must be an integer

>>> obj.integer_validator("john", True)
Traceback (most recent call last):
TypeError: john must be an integer

>>> obj.integer_validator(None, 3)

>>> obj.integer_validator(None, -3)
Traceback (most recent call last):
ValueError: None must be greater than 0

>>> obj.area()
Traceback (most recent call last):
Exception: area() is not implemented

