>>> BaseGeometry = __import__('7-base_geometry').BaseGeometry
>>> bg = BaseGeometry()
>>> bg.integer_validator()
Traceback (most recent call last):
  File "<stdin>", line 1, in <module>
TypeError: BaseGeometry.integer_validator() missing 2 required positional arguments: 'name' and 'value'
>>> bg = BaseGeometry()
>>> bg.integer_validator("my_int", 0)
Traceback (most recent call last):
  File "<stdin>", line 1, in <module>
  File "/mnt/c/Users/5060/Desktop/holbertonschool-higher_level_programming/python-inheritance/7-base_geometry.py", line 15, in integer_validator
    raise ValueError(f"{name} must be greater than 0")
ValueError: my_int must be greater than 0
>>> bg = BaseGeometry()
>>> bg.integer_validator("my_int", float)
Traceback (most recent call last):
  File "<stdin>", line 1, in <module>
  File "/mnt/c/Users/5060/Desktop/holbertonschool-higher_level_programming/python-inheritance/7-base_geometry.py", line 13, in integer_validator
    raise TypeError(f"{name} must be an integer")
TypeError: my_int must be an integer

>>> obj = BaseGeometry()
>>> obj.integer_validator("john", 2)

>>> obj.integer_validator("john", -2)
Traceback (most recent call last):
ValueError: john must be greater than 0

>>> obj.integer_validator("john", 0)
Traceback (most recent call last):
ValueError: john must be greater than 0

>>> obj.integer_validator("john", None)
Traceback (most recent call last):
TypeError: john must be an integer

>>> obj.integer_validator("john", {4, 2})
Traceback (most recent call last):
TypeError: john must be an integer

>>> obj.integer_validator("john", "string")
Traceback (most recent call last):
TypeError: john must be an integer

>>> obj.integer_validator("john", (4,))
Traceback (most recent call last):
TypeError: john must be an integer

>>> obj.integer_validator("john", [4])
Traceback (most recent call last):
TypeError: john must be an integer

>>> obj.integer_validator(None, 3)

>>> obj.integer_validator(None, -3)
Traceback (most recent call last):
ValueError: None must be greater than 0

>>> obj.area()
Traceback (most recent call last):
Exception: area() is not implemented
